C51 COMPILER V9.54   APP_LEDSENSOR                                                         03/12/2022 21:17:06 PAGE 1   


C51 COMPILER V9.54, COMPILATION OF MODULE APP_LEDSENSOR
OBJECT MODULE PLACED IN .\Objects\app_ledSensor.obj
COMPILER INVOKED BY: E:\SoftWares\Keil5\C51\BIN\C51.EXE app_ledSensor.c OPTIMIZE(8,SPEED) BROWSE DEBUG OBJECTEXTEND PRIN
                    -T(.\Listings\app_ledSensor.lst) TABS(2) OBJECT(.\Objects\app_ledSensor.obj)

line level    source

   1          #include "include.h"
*** WARNING C322 IN LINE 538 OF STC15Fxxxx.H: unknown identifier
*** WARNING C322 IN LINE 540 OF STC15Fxxxx.H: unknown identifier
*** WARNING C322 IN LINE 542 OF STC15Fxxxx.H: unknown identifier
*** WARNING C322 IN LINE 544 OF STC15Fxxxx.H: unknown identifier
*** WARNING C322 IN LINE 546 OF STC15Fxxxx.H: unknown identifier
*** WARNING C322 IN LINE 548 OF STC15Fxxxx.H: unknown identifier
*** WARNING C322 IN LINE 550 OF STC15Fxxxx.H: unknown identifier


MODULE INFORMATION:   STATIC OVERLAYABLE
   CODE SIZE        =   ----    ----
   CONSTANT SIZE    =   ----    ----
   XDATA SIZE       =   ----    ----
   PDATA SIZE       =   ----    ----
   DATA SIZE        =   ----    ----
   IDATA SIZE       =   ----    ----
   BIT SIZE         =   ----    ----
END OF MODULE INFORMATION.


C51 COMPILATION COMPLETE.  7 WARNING(S),  0 ERROR(S)
